1. Launch EC2 instance.
 1.1. amazon Linux 2 AMI,t3.micro
 1.2. Create new key pair and download pem file
 1.3. Edit security groups as follows: ssh-22,http-80 and for jenkins-customtcp-8080
 1.4. Launch instance

Store downloaded pem file into a new folder,access this folder from vscode and open terminal

2.Connecting to instance on terminal
 2.1. Use command to connect to instance: ssh -i devops-key.pem ec2-user@publicipv4
Enable inheritance if disabled.
 2.2. sudo yum update -y

3. Git installation commands
3.1.  sudo yum install git -y
3.2. git --version

4.Jenkins & Java(jdk-17 only) installation:
Refer Jenkins on aws documentation
open Jenkins and verify if its's working,install required plugins - git,git integration,docker,docker pipeline.

5. Install docker 
sudo systemctl status Jenkins

sudo yum update -y

sudo yum install docker -y

sudo systemctl start docker
sudo systemctl enable docker
docker --version

sudo usermod -aG docker jenkins
[ec2-user@ip-172-31-16-119 ~]$ sudo systemctl restart jenkins
[ec2-user@ip-172-31-16-119 ~]$ sudo su - jenkins
[ec2-user@ip-172-31-16-119 ~]$ docker ps
permission denied while trying to connect to the Docker daemon socket at unix:///var/run/docker.sock: Get "http://%2Fvar%2Frun%2Fdocker.sock/v1.44/containers/json": dial unix /var/run/docker.sock: connect: permission denied
[ec2-user@ip-172-31-16-119 ~]$ sudo docker ps
CONTAINER ID   IMAGE     COMMAND   CREATED   STATUS    PORTS     NAMES
[ec2-user@ip-172-31-16-119 ~]$ sudo docker network create jenkins
b63279321fe1c324e6c856a240ffa9bc2b68aea63c22c6a62f00767df047efcc
[ec2-user@ip-172-31-16-119 ~]$ sudo docker network ls
NETWORK ID     NAME      DRIVER    SCOPE
5333245455ad   bridge    bridge    local
d52b2f01fb87   host      host      local
b63279321fe1   jenkins   bridge    local
6a6102989931   none      null      local
[ec2-user@ip-172-31-16-119 ~]$ exit
logout
Connection to 51.20.134.217 closed.
PS C:\Users\user\Desktop\aws-pem> ssh -i devops-key.pem ec2-user@51.20.134.217
Last login: Tue Nov 19 05:57:27 2024 from 106.51.214.253
   ,     #_
   ~\_  ####_        Amazon Linux 2
  ~~  \_#####\
  ~~     \###|       AL2 End of Life is 2025-06-30.
  ~~       \#/ ___
   ~~       V~' '->
    ~~~         /    A newer version of Amazon Linux is available!
      ~~._.   _/
         _/ _/       Amazon Linux 2023, GA and supported until 2028-03-15.
       _/m/'           https://aws.amazon.com/linux/amazon-linux-2023/

[ec2-user@ip-172-31-16-119 ~]$ sudo docker network ls
NETWORK ID     NAME      DRIVER    SCOPE
5333245455ad   bridge    bridge    local
d52b2f01fb87   host      host      local
b63279321fe1   jenkins   bridge    local
6a6102989931   none      null      local
[ec2-user@ip-172-31-16-119 ~]$ sudo docker ps
CONTAINER ID   IMAGE     COMMAND   CREATED   STATUS    PORTS     NAMES
[ec2-user@ip-172-31-16-119 ~]$ sudo docker run -d -p 8080:8080 -p 50000:50000 --name jenkins \
>     -v jenkins_home:/var/jenkins_home jenkins/jenkins:lts
Unable to find image 'jenkins/jenkins:lts' locally
lts: Pulling from jenkins/jenkins
7d98d813d54f: Pull complete
a36a1f8447e8: Pull complete
f7ee35b739bf: Pull complete
bb3229cfea8c: Pull complete
d6f97f67d9a1: Pull complete
866fdfadf828: Pull complete
28ae6a41194b: Pull complete
9393a6815458: Pull complete
80c15ff4ebe9: Pull complete
4b1bc6ce70dc: Pull complete
1b47cf50f1d7: Pull complete
089de16bf95f: Pull complete
Digest: sha256:7ea4989040ce0840129937b339bf8c8f878c14b08991def312bdf51ca05aa358
Status: Downloaded newer image for jenkins/jenkins:lts
cb836350e6b7c7197865c2b251999a6bffcf911421c6c6a70745bc856fd26ebc
docker: Error response from daemon: driver failed programming external connectivity on endpoint jenkins (abdc0b72b53639b3d5c11a6ee00c7475ef74421e3a729ef3b7d2f5a1106d2c7f): Error starting userland proxy: listen tcp4 0.0.0.0:8080: bind: address already in use.
[ec2-user@ip-172-31-16-119 ~]$ sudo systemctl stop jenkins
[ec2-user@ip-172-31-16-119 ~]$ sudo netstat -tuln | grep 8080
[ec2-user@ip-172-31-16-119 ~]$ sudo docker run -d -p 8080:8080 -p 50000:50000 --name jenkins \
>     -v jenkins_home:/var/jenkins_home jenkins/jenkins:lts
docker: Error response from daemon: Conflict. The container name "/jenkins" is already in use by container "cb836350e6b7c7197865c2b251999a6bffcf911421c6c6a70745bc856fd26ebc". You have to remove (or rename) that container to be able to reuse that name.
See 'docker run --help'.
[ec2-user@ip-172-31-16-119 ~]$ sudo docker ps
CONTAINER ID   IMAGE     COMMAND   CREATED   STATUS    PORTS     NAMES
[ec2-user@ip-172-31-16-119 ~]$ sudo docker ps -a
CONTAINER ID   IMAGE                 COMMAND                  CREATED         STATUS    PORTS     NAMES
cb836350e6b7   jenkins/jenkins:lts   "/usr/bin/tini -- /u…"   7 minutes ago   Created             jenkins
[ec2-user@ip-172-31-16-119 ~]$ sudo systemctl satus jenkins
Unknown operation 'satus'.
[ec2-user@ip-172-31-16-119 ~]$ sudo systemctl status jenkins
● jenkins.service - Jenkins Continuous Integration Server
   Loaded: loaded (/usr/lib/systemd/system/jenkins.service; enabled; vendor preset: disabled)
   Active: inactive (dead) since Tue 2024-11-19 07:11:12 UTC; 3min 51s ago
  Process: 6794 ExecStart=/usr/bin/jenkins (code=exited, status=143)
 Main PID: 6794 (code=exited, status=143)
   Status: "Jenkins stopped"

Nov 19 07:11:12 ip-172-31-16-119.eu-north-1.compute.internal jenkins[6794]: 2024-11-19 07:11:12.339+0000 [id=26]        INFO        hudson.lifecycle.Lifecycle#on...Jenkins
Nov 19 07:11:12 ip-172-31-16-119.eu-north-1.compute.internal jenkins[6794]: 2024-11-19 07:11:12.365+0000 [id=26]        INFO        jenkins.model.Jenkins$16#onAt...ination
Nov 19 07:11:12 ip-172-31-16-119.eu-north-1.compute.internal jenkins[6794]: 2024-11-19 07:11:12.393+0000 [id=26]        INFO        h.p.b.global.Lifecycle#shutdo...pending
Nov 19 07:11:12 ip-172-31-16-119.eu-north-1.compute.internal jenkins[6794]: 2024-11-19 07:11:12.395+0000 [id=26]        INFO        jenkins.model.Jenkins$16#onAt...ination
Nov 19 07:11:12 ip-172-31-16-119.eu-north-1.compute.internal jenkins[6794]: 2024-11-19 07:11:12.395+0000 [id=26]        INFO        jenkins.model.Jenkins#_cleanU...nection
Nov 19 07:11:12 ip-172-31-16-119.eu-north-1.compute.internal jenkins[6794]: 2024-11-19 07:11:12.403+0000 [id=26]        INFO        jenkins.model.Jenkins#_cleanU...manager
Nov 19 07:11:12 ip-172-31-16-119.eu-north-1.compute.internal jenkins[6794]: 2024-11-19 07:11:12.422+0000 [id=26]        INFO        jenkins.model.Jenkins#_cleanU...d queue
Nov 19 07:11:12 ip-172-31-16-119.eu-north-1.compute.internal jenkins[6794]: 2024-11-19 07:11:12.426+0000 [id=26]        INFO        jenkins.model.Jenkins#_cleanU...pletion
Nov 19 07:11:12 ip-172-31-16-119.eu-north-1.compute.internal jenkins[6794]: 2024-11-19 07:11:12.427+0000 [id=26]        INFO        hudson.lifecycle.Lifecycle#on...stopped
Nov 19 07:11:12 ip-172-31-16-119.eu-north-1.compute.internal systemd[1]: Stopped Jenkins Continuous Integration Server.
Hint: Some lines were ellipsized, use -l to show in full.
[ec2-user@ip-172-31-16-119 ~]$ sudo systemctl start jenkins
[ec2-user@ip-172-31-16-119 ~]$ sudo systemctl status jenkins
● jenkins.service - Jenkins Continuous Integration Server
   Loaded: loaded (/usr/lib/systemd/system/jenkins.service; enabled; vendor preset: disabled)
   Active: active (running) since Tue 2024-11-19 07:15:28 UTC; 2min 53s ago
 Main PID: 18974 (java)
    Tasks: 39
   Memory: 388.8M
   CGroup: /system.slice/jenkins.service
           └─18974 /usr/bin/java -Djava.awt.headless=true -jar /usr/share/java/jenkins.war --webroot=%C/jenkins/war --httpPort=8080

Nov 19 07:15:25 ip-172-31-16-119.eu-north-1.compute.internal jenkins[18974]: 2024-11-19 07:15:25.401+0000 [id=30]        INFO        jenkins.InitReactorRunner$1#...plugins
Nov 19 07:15:25 ip-172-31-16-119.eu-north-1.compute.internal jenkins[18974]: 2024-11-19 07:15:25.487+0000 [id=32]        INFO        jenkins.InitReactorRunner$1#...ensions
Nov 19 07:15:26 ip-172-31-16-119.eu-north-1.compute.internal jenkins[18974]: 2024-11-19 07:15:26.157+0000 [id=30]        INFO        h.p.b.g.GlobalTimeOutConfigu...not set
Nov 19 07:15:28 ip-172-31-16-119.eu-north-1.compute.internal jenkins[18974]: 2024-11-19 07:15:28.348+0000 [id=30]        INFO        jenkins.InitReactorRunner$1#... loaded
Nov 19 07:15:28 ip-172-31-16-119.eu-north-1.compute.internal jenkins[18974]: 2024-11-19 07:15:28.349+0000 [id=32]        INFO        jenkins.InitReactorRunner$1#...adapted
Nov 19 07:15:28 ip-172-31-16-119.eu-north-1.compute.internal jenkins[18974]: 2024-11-19 07:15:28.423+0000 [id=32]        INFO        jenkins.InitReactorRunner$1#...ll jobs
Nov 19 07:15:28 ip-172-31-16-119.eu-north-1.compute.internal jenkins[18974]: 2024-11-19 07:15:28.427+0000 [id=31]        INFO        jenkins.InitReactorRunner$1#...updated
Nov 19 07:15:28 ip-172-31-16-119.eu-north-1.compute.internal jenkins[18974]: 2024-11-19 07:15:28.567+0000 [id=30]        INFO        jenkins.InitReactorRunner$1#...ization
Nov 19 07:15:28 ip-172-31-16-119.eu-north-1.compute.internal jenkins[18974]: 2024-11-19 07:15:28.607+0000 [id=24]        INFO        hudson.lifecycle.Lifecycle#o...running
Nov 19 07:15:28 ip-172-31-16-119.eu-north-1.compute.internal systemd[1]: Started Jenkins Continuous Integration Server.
Hint: Some lines were ellipsized, use -l to show in full.
[ec2-user@ip-172-31-16-119 ~]$ sudo docker ps
CONTAINER ID   IMAGE     COMMAND   CREATED   STATUS    PORTS     NAMES
[ec2-user@ip-172-31-16-119 ~]$ sudo docker network ls
NETWORK ID     NAME      DRIVER    SCOPE
5333245455ad   bridge    bridge    local
d52b2f01fb87   host      host      local
b63279321fe1   jenkins   bridge    local
6a6102989931   none      null      local
[ec2-user@ip-172-31-16-119 ~]$ sudo docker ps

